ΓÜá Warning: Next.js inferred your workspace root, but it may not be correct.
 We detected multiple lockfiles and selected the directory of E:\Developer\royal-rider-hub-main\package-lock.json as the root directory.
 To silence this warning, set `turbopack.root` in your Next.js config, or consider removing one of the lockfiles if it's not needed.
   See https://nextjs.org/docs/app/api-reference/config/next-config-js/turbopack#root-directory for more information.
 Detected additional lockfiles: 
   * E:\Developer\royal-rider-hub-main\baba-royal-garage\package-lock.json

Γû▓ Next.js 16.2.2 (Turbopack)

  Creating an optimized production build ...
Γ£ô Compiled successfully in 3.4s
  Running TypeScript ...
  Finished TypeScript in 4.5s ...
  Collecting page data using 15 workers ...
  Generating static pages using 15 workers (0/54) ...
  Generating static pages using 15 workers (13/54) 
  Generating static pages using 15 workers (26/54) 
  Generating static pages using 15 workers (40/54) 
Γ£ô Generating static pages using 15 workers (54/54) in 817ms
  Finalizing page optimization ...

Route (app)
Γöî Γùï /
Γö£ Γùï /_not-found
Γö£ ΓùÅ /[slug]
Γöé Γö£ /royal-enfield-classic-350-service-hubli
Γöé Γö£ /royal-enfield-meteor-350-service-hubli
Γöé Γö£ /royal-enfield-hunter-350-service-hubli
Γöé Γöö [+20 more paths]
Γö£ Γùï /about
Γö£ Γùï /blog
Γö£ ΓùÅ /blog/[slug]
Γöé Γö£ /blog/how-often-service-royal-enfield-hubli
Γöé Γö£ /blog/royal-enfield-monsoon-care-tips-hubli
Γöé Γöö /blog/royal-enfield-650-twin-vs-350-which-to-buy-hubli
Γö£ Γùï /contact
Γö£ Γùï /emergency-royal-enfield-repair-hubli
Γö£ Γùï /faq
Γö£ Γùï /privacy-policy
Γö£ Γùï /reviews
Γö£ Γùï /services
Γö£ ΓùÅ /services/[slug]
Γöé Γö£ /services/royal-enfield-general-servicing-hubli
Γöé Γö£ /services/engine-oil-change-hubli
Γöé Γö£ /services/engine-overhaul-hubli
Γöé Γöö [+12 more paths]
Γöö Γùï /terms-of-service


Γùï  (Static)  prerendered as static content
ΓùÅ  (SSG)     prerendered as static HTML (uses generateStaticParams)

