components/ui/alert-dialog.tsx(2,39): error TS2307: Cannot find module '@radix-ui/react-alert-dialog' or its corresponding type declarations.
components/ui/aspect-ratio.tsx(1,39): error TS2307: Cannot find module '@radix-ui/react-aspect-ratio' or its corresponding type declarations.
components/ui/avatar.tsx(2,34): error TS2307: Cannot find module '@radix-ui/react-avatar' or its corresponding type declarations.
components/ui/calendar.tsx(3,27): error TS2307: Cannot find module 'react-day-picker' or its corresponding type declarations.
components/ui/chart.tsx(2,36): error TS2307: Cannot find module 'recharts' or its corresponding type declarations.
components/ui/chart.tsx(163,25): error TS7006: Parameter 'item' implicitly has an 'any' type.
components/ui/chart.tsx(163,31): error TS7006: Parameter 'index' implicitly has an 'any' type.
components/ui/chart.tsx(249,21): error TS7006: Parameter 'item' implicitly has an 'any' type.
components/ui/checkbox.tsx(2,36): error TS2307: Cannot find module '@radix-ui/react-checkbox' or its corresponding type declarations.
components/ui/command.tsx(3,45): error TS2307: Cannot find module 'cmdk' or its corresponding type declarations.
components/ui/context-menu.tsx(2,39): error TS2307: Cannot find module '@radix-ui/react-context-menu' or its corresponding type declarations.
components/ui/drawer.tsx(2,43): error TS2307: Cannot find module 'vaul' or its corresponding type declarations.
components/ui/hover-card.tsx(2,37): error TS2307: Cannot find module '@radix-ui/react-hover-card' or its corresponding type declarations.
components/ui/input-otp.tsx(2,43): error TS2307: Cannot find module 'input-otp' or its corresponding type declarations.
components/ui/input-otp.tsx(29,44): error TS18046: 'inputOTPContext' is of type 'unknown'.
components/ui/menubar.tsx(2,35): error TS2307: Cannot find module '@radix-ui/react-menubar' or its corresponding type declarations.
components/ui/progress.tsx(2,36): error TS2307: Cannot find module '@radix-ui/react-progress' or its corresponding type declarations.
components/ui/radio-group.tsx(2,38): error TS2307: Cannot find module '@radix-ui/react-radio-group' or its corresponding type declarations.
components/ui/resizable.tsx(2,37): error TS2307: Cannot find module 'react-resizable-panels' or its corresponding type declarations.
components/ui/slider.tsx(2,34): error TS2307: Cannot find module '@radix-ui/react-slider' or its corresponding type declarations.
components/ui/switch.tsx(2,35): error TS2307: Cannot find module '@radix-ui/react-switch' or its corresponding type declarations.
components/ui/toast.tsx(2,34): error TS2307: Cannot find module '@radix-ui/react-toast' or its corresponding type declarations.
components/ui/toaster.tsx(1,26): error TS2307: Cannot find module '@/hooks/use-toast' or its corresponding type declarations.
components/ui/toaster.tsx(9,31): error TS7031: Binding element 'id' implicitly has an 'any' type.
components/ui/toaster.tsx(9,35): error TS7031: Binding element 'title' implicitly has an 'any' type.
components/ui/toaster.tsx(9,42): error TS7031: Binding element 'description' implicitly has an 'any' type.
components/ui/toaster.tsx(9,55): error TS7031: Binding element 'action' implicitly has an 'any' type.
components/ui/toggle-group.tsx(2,39): error TS2307: Cannot find module '@radix-ui/react-toggle-group' or its corresponding type declarations.
components/ui/toggle.tsx(2,34): error TS2307: Cannot find module '@radix-ui/react-toggle' or its corresponding type declarations.
components/ui/use-toast.ts(1,33): error TS2307: Cannot find module '@/hooks/use-toast' or its corresponding type declarations.
lib/reviews.ts(4,3): error TS2741: Property 'text' is missing in type '{ id: string; name: string; rating: number; review: string; date: string; model: string; service: string; }' but required in type 'Review'.
lib/reviews.ts(14,3): error TS2741: Property 'text' is missing in type '{ id: string; name: string; rating: number; review: string; date: string; model: string; service: string; }' but required in type 'Review'.
lib/reviews.ts(24,3): error TS2741: Property 'text' is missing in type '{ id: string; name: string; rating: number; review: string; date: string; model: string; service: string; }' but required in type 'Review'.
lib/reviews.ts(34,3): error TS2741: Property 'text' is missing in type '{ id: string; name: string; rating: number; review: string; date: string; model: string; service: string; }' but required in type 'Review'.
lib/reviews.ts(44,3): error TS2741: Property 'text' is missing in type '{ id: string; name: string; rating: number; review: string; date: string; model: string; service: string; }' but required in type 'Review'.
lib/reviews.ts(54,3): error TS2741: Property 'text' is missing in type '{ id: string; name: string; rating: number; review: string; date: string; model: string; service: string; }' but required in type 'Review'.
lib/reviews.ts(64,3): error TS2741: Property 'text' is missing in type '{ id: string; name: string; rating: number; review: string; date: string; model: string; service: string; }' but required in type 'Review'.
lib/reviews.ts(74,3): error TS2741: Property 'text' is missing in type '{ id: string; name: string; rating: number; review: string; date: string; model: string; service: string; }' but required in type 'Review'.
lib/services.ts(3,14): error TS2322: Type '({ id: string; slug: string; name: string; shortDescription: string; fullDescription: string; category: "regular"; icon: string; commonProblems: string[]; whatWeInclude: string[]; signsYouNeed: string[]; ... 6 more ...; relatedServices: string[]; } | ... 5 more ... | undefined)[]' is not assignable to type 'Service[]'.
  Type '{ id: string; slug: string; name: string; shortDescription: string; fullDescription: string; category: "regular"; icon: string; commonProblems: string[]; whatWeInclude: string[]; signsYouNeed: string[]; ... 6 more ...; relatedServices: string[]; } | ... 5 more ... | undefined' is not assignable to type 'Service'.
    Type 'undefined' is not assignable to type 'Service'.
